76
[(60,64|2)(67,64|2)(64,64|2)]
[(60,64|2)(67,64|2)(64,64|2)(62,64|2)]
[(60,64|2)(67,64|2)]
$([(64,64|2)(67,64|2)(60,64|2)][(62,64|2)(64,64|2)(67,64|2)(60,64|2)][(60,64|2)])
$([(60,64|2)][(62,64|2)][(64,64|2)][(65,64|2)][(67,64|4)])
