[(10,10|10)(100,10|10)(11,10|10)(99,10|10)(12,10|10)(98,10|10)(13,10|10)(97,10|10)(14,10|10)(96,10|10)(15,10|10)(95,10|10)(16,10|10)(94,10|10)(17,10|10)(93,10|10)(18,10|10)(92,10|10)(19,10|10)(91,10|10)]
