[(61,10|10)(62,10|10)(64,10|10)(68,10|10)(76,10|10)]
