[(10,10|10)(11,11|11)(11,10|10)(11,11|11)(12,10|10)(11,11|11)(13,10|10)(11,11|11)(14,10|10)(11,11|11)(15,10|10)(11,11|11)(16,10|10)(11,11|11)(17,10|10)(11,11|11)(18,10|10)(11,11|11)(19,10|10)(11,11|11)(11,11|11)]
