$([(0,0|3)][(58,50|1)][(63,70|4)][(58,50|1)(61,50|1)(63,30|1)(67,50|1)][(56,50|1)(61,50|1)(63,30|1)(68,50|1)][(55,50|1)(61,50|1)(63,30|1)(70,50|1)][(58,50|1)(61,50|1)(63,30|1)(67,50|1)][(56,50|1)(60,50|1)(63,30|1)(65,50|1)][(55,50|1)(60,50|1)(63,30|1)(67,50|1)][(53,50|1)(60,50|1)(63,30|1)(68,50|1)][(56,40|1)(59,40|1)(63,30|1)(65,40|1)][(51,65|4)(58,65|4)(63,65|4)(67,65|4)])
