0
2
(33,33|33)
(44,44|44)
[(55,55|55)(66,66|66)]
[(77,77|77)]
$([(99,99|99)(88,88|88)])
