$([(0,10|10)][(5,10|10)][(10,10|10)][(15,10|10)][(20,10|10)][(25,10|10)][(30,10|10)][(35,10|10)][(40,10|10)][(45,10|10)][(50,10|10)][(55,10|10)][(60,10|10)][(65,10|10)][(70,10|10)][(75,10|10)][(80,10|10)][(85,10|10)][(90,10|10)][(95,10|10)])
